[
    {
        "1. open": "6.7700",
        "2. high": "6.8700",
        "3. low": "6.7200",
        "4. close": "6.8300",
        "5. volume": "48214176",
        "datetime": "2020-09-01",
        "symbol": "F"
    },
    {
        "1. open": "6.9000",
        "2. high": "6.9300",
        "3. low": "6.7900",
        "4. close": "6.8200",
        "5. volume": "50089521",
        "datetime": "2020-08-31",
        "symbol": "F"
    },
    {
        "1. open": "6.9300",
        "2. high": "6.9500",
        "3. low": "6.8600",
        "4. close": "6.9400",
        "5. volume": "39936920",
        "datetime": "2020-08-28",
        "symbol": "F"
    },
    {
        "1. open": "6.8300",
        "2. high": "6.9800",
        "3. low": "6.8300",
        "4. close": "6.9100",
        "5. volume": "45740870",
        "datetime": "2020-08-27",
        "symbol": "F"
    },
    {
        "1. open": "6.9400",
        "2. high": "6.9700",
        "3. low": "6.7700",
        "4. close": "6.8200",
        "5. volume": "48600095",
        "datetime": "2020-08-26",
        "symbol": "F"
    },
    {
        "1. open": "7.0100",
        "2. high": "7.1000",
        "3. low": "6.8600",
        "4. close": "6.9400",
        "5. volume": "49549976",
        "datetime": "2020-08-25",
        "symbol": "F"
    },
    {
        "1. open": "6.7300",
        "2. high": "7.0000",
        "3. low": "6.6900",
        "4. close": "6.9800",
        "5. volume": "64974707",
        "datetime": "2020-08-24",
        "symbol": "F"
    },
    {
        "1. open": "6.7800",
        "2. high": "6.8500",
        "3. low": "6.6500",
        "4. close": "6.6600",
        "5. volume": "39158895",
        "datetime": "2020-08-21",
        "symbol": "F"
    },
    {
        "1. open": "6.7700",
        "2. high": "6.8900",
        "3. low": "6.7300",
        "4. close": "6.8400",
        "5. volume": "41824523",
        "datetime": "2020-08-20",
        "symbol": "F"
    },
    {
        "1. open": "6.8900",
        "2. high": "7.0200",
        "3. low": "6.8600",
        "4. close": "6.8700",
        "5. volume": "44158123",
        "datetime": "2020-08-19",
        "symbol": "F"
    },
    {
        "1. open": "6.9800",
        "2. high": "7.0100",
        "3. low": "6.8850",
        "4. close": "6.8900",
        "5. volume": "40444196",
        "datetime": "2020-08-18",
        "symbol": "F"
    },
    {
        "1. open": "7.0500",
        "2. high": "7.0600",
        "3. low": "6.8700",
        "4. close": "6.9800",
        "5. volume": "64307597",
        "datetime": "2020-08-17",
        "symbol": "F"
    },
    {
        "1. open": "6.9700",
        "2. high": "7.1100",
        "3. low": "6.9300",
        "4. close": "7.0400",
        "5. volume": "43517662",
        "datetime": "2020-08-14",
        "symbol": "F"
    },
    {
        "1. open": "7.0300",
        "2. high": "7.1800",
        "3. low": "7.0000",
        "4. close": "7.0300",
        "5. volume": "50066758",
        "datetime": "2020-08-13",
        "symbol": "F"
    },
    {
        "1. open": "7.3300",
        "2. high": "7.3700",
        "3. low": "7.0600",
        "4. close": "7.1100",
        "5. volume": "59194125",
        "datetime": "2020-08-12",
        "symbol": "F"
    },
    {
        "1. open": "7.2100",
        "2. high": "7.3750",
        "3. low": "7.1900",
        "4. close": "7.2300",
        "5. volume": "74016358",
        "datetime": "2020-08-11",
        "symbol": "F"
    },
    {
        "1. open": "6.9100",
        "2. high": "7.1300",
        "3. low": "6.9050",
        "4. close": "7.0900",
        "5. volume": "57229040",
        "datetime": "2020-08-10",
        "symbol": "F"
    },
    {
        "1. open": "6.8700",
        "2. high": "6.9200",
        "3. low": "6.7900",
        "4. close": "6.8600",
        "5. volume": "47480059",
        "datetime": "2020-08-07",
        "symbol": "F"
    },
    {
        "1. open": "6.9300",
        "2. high": "7.0000",
        "3. low": "6.8900",
        "4. close": "6.9300",
        "5. volume": "48668518",
        "datetime": "2020-08-06",
        "symbol": "F"
    },
    {
        "1. open": "6.8600",
        "2. high": "7.0291",
        "3. low": "6.8600",
        "4. close": "6.9600",
        "5. volume": "82716372",
        "datetime": "2020-08-05",
        "symbol": "F"
    },
    {
        "1. open": "6.9100",
        "2. high": "6.9100",
        "3. low": "6.7300",
        "4. close": "6.8600",
        "5. volume": "69377566",
        "datetime": "2020-08-04",
        "symbol": "F"
    },
    {
        "1. open": "6.6500",
        "2. high": "6.7200",
        "3. low": "6.5300",
        "4. close": "6.6900",
        "5. volume": "53845888",
        "datetime": "2020-08-03",
        "symbol": "F"
    },
    {
        "1. open": "6.8900",
        "2. high": "6.9000",
        "3. low": "6.5200",
        "4. close": "6.6100",
        "5. volume": "115394121",
        "datetime": "2020-07-31",
        "symbol": "F"
    },
    {
        "1. open": "6.7400",
        "2. high": "6.8300",
        "3. low": "6.6700",
        "4. close": "6.7400",
        "5. volume": "58990992",
        "datetime": "2020-07-30",
        "symbol": "F"
    },
    {
        "1. open": "7.0500",
        "2. high": "7.0600",
        "3. low": "6.8300",
        "4. close": "6.9200",
        "5. volume": "59437160",
        "datetime": "2020-07-29",
        "symbol": "F"
    },
    {
        "1. open": "6.9000",
        "2. high": "7.0500",
        "3. low": "6.9000",
        "4. close": "7.0100",
        "5. volume": "56312514",
        "datetime": "2020-07-28",
        "symbol": "F"
    },
    {
        "1. open": "6.9200",
        "2. high": "6.9400",
        "3. low": "6.7700",
        "4. close": "6.9300",
        "5. volume": "60370153",
        "datetime": "2020-07-27",
        "symbol": "F"
    },
    {
        "1. open": "6.9000",
        "2. high": "7.0100",
        "3. low": "6.8600",
        "4. close": "6.8800",
        "5. volume": "62292045",
        "datetime": "2020-07-24",
        "symbol": "F"
    },
    {
        "1. open": "6.8700",
        "2. high": "7.0600",
        "3. low": "6.8000",
        "4. close": "6.9800",
        "5. volume": "88652587",
        "datetime": "2020-07-23",
        "symbol": "F"
    },
    {
        "1. open": "6.6400",
        "2. high": "6.8800",
        "3. low": "6.6100",
        "4. close": "6.8400",
        "5. volume": "75629569",
        "datetime": "2020-07-22",
        "symbol": "F"
    },
    {
        "1. open": "6.7100",
        "2. high": "6.8100",
        "3. low": "6.6400",
        "4. close": "6.6800",
        "5. volume": "63282640",
        "datetime": "2020-07-21",
        "symbol": "F"
    },
    {
        "1. open": "6.8000",
        "2. high": "6.8500",
        "3. low": "6.5800",
        "4. close": "6.6600",
        "5. volume": "71310833",
        "datetime": "2020-07-20",
        "symbol": "F"
    },
    {
        "1. open": "6.9000",
        "2. high": "6.9100",
        "3. low": "6.7300",
        "4. close": "6.8000",
        "5. volume": "80765500",
        "datetime": "2020-07-17",
        "symbol": "F"
    },
    {
        "1. open": "6.6600",
        "2. high": "6.9000",
        "3. low": "6.6300",
        "4. close": "6.8600",
        "5. volume": "93444300",
        "datetime": "2020-07-16",
        "symbol": "F"
    },
    {
        "1. open": "6.5400",
        "2. high": "6.7800",
        "3. low": "6.5200",
        "4. close": "6.7400",
        "5. volume": "101556200",
        "datetime": "2020-07-15",
        "symbol": "F"
    },
    {
        "1. open": "6.1800",
        "2. high": "6.3900",
        "3. low": "6.0800",
        "4. close": "6.3600",
        "5. volume": "105827000",
        "datetime": "2020-07-14",
        "symbol": "F"
    },
    {
        "1. open": "6.1500",
        "2. high": "6.2200",
        "3. low": "6.0500",
        "4. close": "6.0600",
        "5. volume": "79955200",
        "datetime": "2020-07-13",
        "symbol": "F"
    },
    {
        "1. open": "5.8000",
        "2. high": "6.1000",
        "3. low": "5.7400",
        "4. close": "6.1000",
        "5. volume": "73604400",
        "datetime": "2020-07-10",
        "symbol": "F"
    },
    {
        "1. open": "6.0900",
        "2. high": "6.1000",
        "3. low": "5.8200",
        "4. close": "5.8400",
        "5. volume": "82593700",
        "datetime": "2020-07-09",
        "symbol": "F"
    },
    {
        "1. open": "6.1300",
        "2. high": "6.1800",
        "3. low": "6.0500",
        "4. close": "6.0900",
        "5. volume": "60798200",
        "datetime": "2020-07-08",
        "symbol": "F"
    },
    {
        "1. open": "6.1400",
        "2. high": "6.2000",
        "3. low": "6.0900",
        "4. close": "6.1200",
        "5. volume": "56617300",
        "datetime": "2020-07-07",
        "symbol": "F"
    },
    {
        "1. open": "6.1400",
        "2. high": "6.2000",
        "3. low": "6.1100",
        "4. close": "6.1900",
        "5. volume": "63889000",
        "datetime": "2020-07-06",
        "symbol": "F"
    },
    {
        "1. open": "6.1000",
        "2. high": "6.1700",
        "3. low": "6.0000",
        "4. close": "6.0500",
        "5. volume": "67243800",
        "datetime": "2020-07-02",
        "symbol": "F"
    },
    {
        "1. open": "6.1000",
        "2. high": "6.1800",
        "3. low": "5.9500",
        "4. close": "5.9800",
        "5. volume": "62248200",
        "datetime": "2020-07-01",
        "symbol": "F"
    },
    {
        "1. open": "5.9800",
        "2. high": "6.1000",
        "3. low": "5.9000",
        "4. close": "6.0800",
        "5. volume": "61833000",
        "datetime": "2020-06-30",
        "symbol": "F"
    },
    {
        "1. open": "5.9100",
        "2. high": "6.0700",
        "3. low": "5.8100",
        "4. close": "6.0100",
        "5. volume": "58135200",
        "datetime": "2020-06-29",
        "symbol": "F"
    },
    {
        "1. open": "6.0400",
        "2. high": "6.0700",
        "3. low": "5.8100",
        "4. close": "5.9100",
        "5. volume": "118309845",
        "datetime": "2020-06-26",
        "symbol": "F"
    },
    {
        "1. open": "5.8600",
        "2. high": "6.0500",
        "3. low": "5.8000",
        "4. close": "6.0300",
        "5. volume": "73513570",
        "datetime": "2020-06-25",
        "symbol": "F"
    },
    {
        "1. open": "6.0600",
        "2. high": "6.1225",
        "3. low": "5.8600",
        "4. close": "5.9500",
        "5. volume": "75441550",
        "datetime": "2020-06-24",
        "symbol": "F"
    },
    {
        "1. open": "6.3300",
        "2. high": "6.3800",
        "3. low": "6.1400",
        "4. close": "6.1500",
        "5. volume": "86551368",
        "datetime": "2020-06-23",
        "symbol": "F"
    },
    {
        "1. open": "6.2700",
        "2. high": "6.2800",
        "3. low": "6.1300",
        "4. close": "6.2800",
        "5. volume": "71528188",
        "datetime": "2020-06-22",
        "symbol": "F"
    },
    {
        "1. open": "6.6400",
        "2. high": "6.6900",
        "3. low": "6.2300",
        "4. close": "6.2300",
        "5. volume": "125960169",
        "datetime": "2020-06-19",
        "symbol": "F"
    },
    {
        "1. open": "6.2600",
        "2. high": "6.4500",
        "3. low": "6.1900",
        "4. close": "6.3300",
        "5. volume": "61151059",
        "datetime": "2020-06-18",
        "symbol": "F"
    },
    {
        "1. open": "6.5600",
        "2. high": "6.5600",
        "3. low": "6.3100",
        "4. close": "6.3300",
        "5. volume": "67718663",
        "datetime": "2020-06-17",
        "symbol": "F"
    },
    {
        "1. open": "6.8700",
        "2. high": "6.8700",
        "3. low": "6.4400",
        "4. close": "6.5500",
        "5. volume": "109421750",
        "datetime": "2020-06-16",
        "symbol": "F"
    },
    {
        "1. open": "6.1800",
        "2. high": "6.5800",
        "3. low": "6.1100",
        "4. close": "6.5000",
        "5. volume": "104570629",
        "datetime": "2020-06-15",
        "symbol": "F"
    },
    {
        "1. open": "6.5600",
        "2. high": "6.6300",
        "3. low": "6.3000",
        "4. close": "6.4600",
        "5. volume": "88709551",
        "datetime": "2020-06-12",
        "symbol": "F"
    },
    {
        "1. open": "6.0700",
        "2. high": "6.4600",
        "3. low": "6.0400",
        "4. close": "6.1300",
        "5. volume": "115884079",
        "datetime": "2020-06-11",
        "symbol": "F"
    },
    {
        "1. open": "7.3300",
        "2. high": "7.3400",
        "3. low": "6.7700",
        "4. close": "6.8100",
        "5. volume": "146956843",
        "datetime": "2020-06-10",
        "symbol": "F"
    },
    {
        "1. open": "7.2200",
        "2. high": "7.4400",
        "3. low": "7.0500",
        "4. close": "7.2400",
        "5. volume": "115605454",
        "datetime": "2020-06-09",
        "symbol": "F"
    },
    {
        "1. open": "7.5300",
        "2. high": "7.7400",
        "3. low": "7.3700",
        "4. close": "7.5300",
        "5. volume": "112858207",
        "datetime": "2020-06-08",
        "symbol": "F"
    },
    {
        "1. open": "7.2400",
        "2. high": "7.5000",
        "3. low": "7.0200",
        "4. close": "7.3400",
        "5. volume": "208525447",
        "datetime": "2020-06-05",
        "symbol": "F"
    },
    {
        "1. open": "6.2000",
        "2. high": "6.5800",
        "3. low": "6.1200",
        "4. close": "6.5700",
        "5. volume": "115589127",
        "datetime": "2020-06-04",
        "symbol": "F"
    },
    {
        "1. open": "5.9900",
        "2. high": "6.2700",
        "3. low": "5.9200",
        "4. close": "6.1900",
        "5. volume": "98734798",
        "datetime": "2020-06-03",
        "symbol": "F"
    },
    {
        "1. open": "5.9600",
        "2. high": "6.0000",
        "3. low": "5.8300",
        "4. close": "5.9000",
        "5. volume": "79970625",
        "datetime": "2020-06-02",
        "symbol": "F"
    },
    {
        "1. open": "5.7300",
        "2. high": "5.8800",
        "3. low": "5.6700",
        "4. close": "5.8700",
        "5. volume": "61872661",
        "datetime": "2020-06-01",
        "symbol": "F"
    },
    {
        "1. open": "5.7500",
        "2. high": "5.8000",
        "3. low": "5.5700",
        "4. close": "5.7100",
        "5. volume": "92924374",
        "datetime": "2020-05-29",
        "symbol": "F"
    },
    {
        "1. open": "6.0500",
        "2. high": "6.0700",
        "3. low": "5.8100",
        "4. close": "5.8500",
        "5. volume": "76923396",
        "datetime": "2020-05-28",
        "symbol": "F"
    },
    {
        "1. open": "6.0100",
        "2. high": "6.0900",
        "3. low": "5.8400",
        "4. close": "6.0300",
        "5. volume": "110340256",
        "datetime": "2020-05-27",
        "symbol": "F"
    },
    {
        "1. open": "5.9200",
        "2. high": "5.9900",
        "3. low": "5.8200",
        "4. close": "5.8400",
        "5. volume": "85904866",
        "datetime": "2020-05-26",
        "symbol": "F"
    },
    {
        "1. open": "5.6800",
        "2. high": "5.7300",
        "3. low": "5.5000",
        "4. close": "5.6500",
        "5. volume": "76599884",
        "datetime": "2020-05-22",
        "symbol": "F"
    },
    {
        "1. open": "5.4500",
        "2. high": "5.6900",
        "3. low": "5.4400",
        "4. close": "5.6300",
        "5. volume": "86959266",
        "datetime": "2020-05-21",
        "symbol": "F"
    },
    {
        "1. open": "5.3800",
        "2. high": "5.5400",
        "3. low": "5.3700",
        "4. close": "5.4900",
        "5. volume": "87543535",
        "datetime": "2020-05-20",
        "symbol": "F"
    },
    {
        "1. open": "5.2700",
        "2. high": "5.4500",
        "3. low": "5.1500",
        "4. close": "5.3000",
        "5. volume": "94683165",
        "datetime": "2020-05-19",
        "symbol": "F"
    },
    {
        "1. open": "5.1200",
        "2. high": "5.3300",
        "3. low": "5.1200",
        "4. close": "5.3100",
        "5. volume": "136149607",
        "datetime": "2020-05-18",
        "symbol": "F"
    },
    {
        "1. open": "4.8000",
        "2. high": "4.9400",
        "3. low": "4.7500",
        "4. close": "4.9000",
        "5. volume": "80501647",
        "datetime": "2020-05-15",
        "symbol": "F"
    },
    {
        "1. open": "4.6450",
        "2. high": "4.9200",
        "3. low": "4.5200",
        "4. close": "4.8900",
        "5. volume": "107924969",
        "datetime": "2020-05-14",
        "symbol": "F"
    },
    {
        "1. open": "5.0000",
        "2. high": "5.0100",
        "3. low": "4.6600",
        "4. close": "4.7200",
        "5. volume": "99792401",
        "datetime": "2020-05-13",
        "symbol": "F"
    },
    {
        "1. open": "5.1500",
        "2. high": "5.2200",
        "3. low": "4.9700",
        "4. close": "4.9800",
        "5. volume": "70774352",
        "datetime": "2020-05-12",
        "symbol": "F"
    },
    {
        "1. open": "5.1800",
        "2. high": "5.1900",
        "3. low": "5.0500",
        "4. close": "5.1200",
        "5. volume": "75590727",
        "datetime": "2020-05-11",
        "symbol": "F"
    },
    {
        "1. open": "4.9600",
        "2. high": "5.2500",
        "3. low": "4.9500",
        "4. close": "5.2400",
        "5. volume": "101183683",
        "datetime": "2020-05-08",
        "symbol": "F"
    },
    {
        "1. open": "4.9000",
        "2. high": "4.9800",
        "3. low": "4.8500",
        "4. close": "4.8700",
        "5. volume": "67118157",
        "datetime": "2020-05-07",
        "symbol": "F"
    },
    {
        "1. open": "5.0500",
        "2. high": "5.0900",
        "3. low": "4.8200",
        "4. close": "4.8700",
        "5. volume": "89232471",
        "datetime": "2020-05-06",
        "symbol": "F"
    },
    {
        "1. open": "4.9900",
        "2. high": "5.0900",
        "3. low": "4.9400",
        "4. close": "4.9700",
        "5. volume": "96237965",
        "datetime": "2020-05-05",
        "symbol": "F"
    },
    {
        "1. open": "4.8800",
        "2. high": "4.9700",
        "3. low": "4.7700",
        "4. close": "4.8600",
        "5. volume": "84141936",
        "datetime": "2020-05-04",
        "symbol": "F"
    },
    {
        "1. open": "5.0200",
        "2. high": "5.0500",
        "3. low": "4.9000",
        "4. close": "4.9200",
        "5. volume": "82553472",
        "datetime": "2020-05-01",
        "symbol": "F"
    },
    {
        "1. open": "5.1600",
        "2. high": "5.2400",
        "3. low": "5.0600",
        "4. close": "5.0900",
        "5. volume": "93088597",
        "datetime": "2020-04-30",
        "symbol": "F"
    },
    {
        "1. open": "5.3300",
        "2. high": "5.5000",
        "3. low": "5.2104",
        "4. close": "5.2600",
        "5. volume": "126146780",
        "datetime": "2020-04-29",
        "symbol": "F"
    },
    {
        "1. open": "5.4900",
        "2. high": "5.5400",
        "3. low": "5.2150",
        "4. close": "5.3800",
        "5. volume": "105915196",
        "datetime": "2020-04-28",
        "symbol": "F"
    },
    {
        "1. open": "4.9100",
        "2. high": "5.1900",
        "3. low": "4.8800",
        "4. close": "5.1700",
        "5. volume": "91007899",
        "datetime": "2020-04-27",
        "symbol": "F"
    },
    {
        "1. open": "4.9300",
        "2. high": "4.9600",
        "3. low": "4.8000",
        "4. close": "4.8700",
        "5. volume": "54315467",
        "datetime": "2020-04-24",
        "symbol": "F"
    },
    {
        "1. open": "4.8000",
        "2. high": "4.9800",
        "3. low": "4.7700",
        "4. close": "4.8900",
        "5. volume": "61879521",
        "datetime": "2020-04-23",
        "symbol": "F"
    },
    {
        "1. open": "4.8700",
        "2. high": "4.8900",
        "3. low": "4.7500",
        "4. close": "4.7700",
        "5. volume": "62210025",
        "datetime": "2020-04-22",
        "symbol": "F"
    },
    {
        "1. open": "4.8900",
        "2. high": "4.9200",
        "3. low": "4.7200",
        "4. close": "4.7700",
        "5. volume": "82118037",
        "datetime": "2020-04-21",
        "symbol": "F"
    },
    {
        "1. open": "5.0100",
        "2. high": "5.0900",
        "3. low": "4.9100",
        "4. close": "4.9800",
        "5. volume": "70983913",
        "datetime": "2020-04-20",
        "symbol": "F"
    },
    {
        "1. open": "5.1700",
        "2. high": "5.2800",
        "3. low": "5.0300",
        "4. close": "5.1200",
        "5. volume": "91903245",
        "datetime": "2020-04-17",
        "symbol": "F"
    },
    {
        "1. open": "5.0600",
        "2. high": "5.0697",
        "3. low": "4.8900",
        "4. close": "4.9400",
        "5. volume": "57927304",
        "datetime": "2020-04-16",
        "symbol": "F"
    },
    {
        "1. open": "5.0600",
        "2. high": "5.1400",
        "3. low": "4.9500",
        "4. close": "5.0300",
        "5. volume": "74594474",
        "datetime": "2020-04-15",
        "symbol": "F"
    },
    {
        "1. open": "5.2700",
        "2. high": "5.4400",
        "3. low": "5.1600",
        "4. close": "5.2900",
        "5. volume": "74687118",
        "datetime": "2020-04-14",
        "symbol": "F"
    },
    {
        "1. open": "5.4300",
        "2. high": "5.4300",
        "3. low": "5.0200",
        "4. close": "5.1600",
        "5. volume": "99193355",
        "datetime": "2020-04-13",
        "symbol": "F"
    }
]